2026-01-10 04:31:42

Diff. num of tokens in EN & CH annot:	raw-data/sentence/Bunun_Isbukun/63_revised.txt/#628
Diff. num of tokens in EN & CH annot:	raw-data/sentence/Bunun_Isbukun/63_revised.txt/#860
Diff. num of tokens in EN & CH annot:	raw-data/sentence/Rukai_Vedai/20200531-FW-Yongfu-1.txt/#9
Diff. num of tokens in EN & CH annot:	raw-data/story/Tsou_Tsou/TsouNr-pear-zheng-2.txt/#8
Diff. num of tokens in EN & CH annot:	raw-data/story/Tsou_Tsou/TsouNr-pear-zheng-2.txt/#48
Diff. num of tokens in EN & CH annot:	raw-data/story/Tsou_Tsou/TsouNr-pear-zheng-2.txt/#84
Diff. num of tokens in EN & CH annot:	raw-data/story/Atayal_Mayrinax/AtaNr-weaving_Kagaw.txt/#75
Diff. num of tokens in EN & CH annot:	raw-data/story/Rukai_Vedai/RukaiNr-frog_Baqingyi.txt/#1
Diff. num of tokens in EN & CH annot:	raw-data/story/Seediq_Tgdaya/sdqNr-mother_iwan 2020s.txt/#143
INVALID GLOSS formatting:				raw-data/story/Seediq_Tgdaya/sdqNr-sisin_dakis 2020s.txt/#571
Diff. num of tokens in EN & CH annot:	raw-data/story/Seediq_Tgdaya/sdqNr-tattoo2_pawan.txt/#4
Diff. num of tokens in EN & CH annot:	raw-data/story/Seediq_Tgdaya/sdqNr-tattoo2_pawan.txt/#13
Diff. num of tokens in EN & CH annot:	raw-data/story/Seediq_Tgdaya/sdqNr-tattoo2_pawan.txt/#18
Diff. num of tokens in EN & CH annot:	raw-data/story/Seediq_Tgdaya/sdqNr-taboo_pawan.txt/#79
Diff. num of tokens in EN & CH annot:	raw-data/story/Seediq_Tgdaya/sdqNr-taboo_pawan.txt/#85
Diff. num of tokens in EN & CH annot:	raw-data/story/Kavalan_Xinshe/KavCon-marriage_abas_pilaw.txt/#620
Diff. num of tokens in EN & CH annot:	raw-data/story/Kavalan_Xinshe/KavCon-relatives_buya_ngengi.txt/#659
Diff. num of tokens in EN & CH annot:	raw-data/story/Kavalan_Xinshe/KavCon-relatives_buya_ngengi.txt/#661
Diff. num of tokens in EN & CH annot:	raw-data/story/Kavalan_Xinshe/KavCon-relatives_buya_ngengi.txt/#693
Diff. num of tokens in EN & CH annot:	raw-data/story/Kavalan_Xinshe/KavCon-relatives_buya_ngengi.txt/#1018
